Currency: GBP
Enriching 372 tours...
  [25/372] price[h:7 m:0 l:8 ø:10] desc:25 dur:19 cap:9 gal:0
  [50/372] price[h:10 m:3 l:19 ø:18] desc:50 dur:43 cap:15 gal:0
  [75/372] price[h:16 m:4 l:30 ø:25] desc:75 dur:67 cap:28 gal:0
  [100/372] price[h:19 m:4 l:35 ø:42] desc:100 dur:87 cap:31 gal:0
  [125/372] price[h:22 m:5 l:42 ø:56] desc:125 dur:109 cap:38 gal:0
  [150/372] price[h:27 m:7 l:49 ø:67] desc:150 dur:132 cap:48 gal:0
  [175/372] price[h:35 m:8 l:52 ø:80] desc:175 dur:153 cap:54 gal:0
  [200/372] price[h:40 m:10 l:55 ø:95] desc:200 dur:177 cap:62 gal:0
  [225/372] price[h:46 m:11 l:58 ø:110] desc:225 dur:197 cap:67 gal:0
  [250/372] price[h:47 m:13 l:72 ø:118] desc:250 dur:214 cap:70 gal:0
  [275/372] price[h:52 m:15 l:88 ø:120] desc:275 dur:233 cap:71 gal:0
  [300/372] price[h:56 m:18 l:99 ø:127] desc:300 dur:255 cap:74 gal:0
  [325/372] price[h:62 m:19 l:110 ø:134] desc:325 dur:273 cap:76 gal:0
  [350/372] price[h:66 m:21 l:124 ø:139] desc:350 dur:295 cap:85 gal:0

✓ Enrichment complete
  Price:        high:70 med:22 low:128 none:152
  Description:  found 372, missing 0
  Duration found:    311
  Capacity found:    87
  Gallery found:     0
  Highlights found:  345
  Errors:            0

Output: tours-data-enriched.json

Next: spot-check, then mv tours-data-enriched.json tours-data.json
